
[34mDEBUG[39m ----- RUNNING: ./tests/layers/connected_tests
   [90m at main (tests/layers/connected_tests.c:51) [39m
[34mDEBUG[39m 
----- test_nn_layer_init_connected
   [90m at all_tests (tests/layers/connected_tests.c:44) [39m
[34mDEBUG[39m 
----- test_nn_layer_create_connected
   [90m at all_tests (tests/layers/connected_tests.c:45) [39m
[34mDEBUG[39m 
----- test_nn_layer_activate_connected
   [90m at all_tests (tests/layers/connected_tests.c:46) [39m
[34mDEBUG[39m ----- RUNNING: ./tests/layers/convolutional_tests
   [90m at main (tests/layers/convolutional_tests.c:252) [39m
[34mDEBUG[39m 
----- test_nn_ii2di
   [90m at all_tests (tests/layers/convolutional_tests.c:240) [39m
[34mDEBUG[39m 
----- test_nn_di2ii
   [90m at all_tests (tests/layers/convolutional_tests.c:241) [39m
[34mDEBUG[39m 
----- test_nn_layer_init_convolutional
   [90m at all_tests (tests/layers/convolutional_tests.c:242) [39m
[34mDEBUG[39m 
----- test_nn_layer_create_convolutional
   [90m at all_tests (tests/layers/convolutional_tests.c:243) [39m
[34mDEBUG[39m 
----- test_nn_layer_activate_convolutional
   [90m at all_tests (tests/layers/convolutional_tests.c:244) [39m
[34mDEBUG[39m 
----- test_nn_layer_activate_padded_convolutional
   [90m at all_tests (tests/layers/convolutional_tests.c:245) [39m
[34mDEBUG[39m 
----- test_nn_layer_convolutional_is_index_padding
   [90m at all_tests (tests/layers/convolutional_tests.c:246) [39m
[34mDEBUG[39m 
----- test_nn_layer_activate_maxpool_convolutional
   [90m at all_tests (tests/layers/convolutional_tests.c:247) [39m
[34mDEBUG[39m ----- RUNNING: ./tests/kernel_tests
   [90m at main (tests/kernel_tests.c:33) [39m
[34mDEBUG[39m 
----- test_nn_kernel_offset
   [90m at all_tests (tests/kernel_tests.c:28) [39m